// Jest Snapshot v1, https://goo.gl/fbAQLP

exports[`should render Header component correctly 1`] = `
<View
  style={129}
>
  <View
    style={130}
  >
    <View
      style={131}
    >
      <View
        style={
          Array [
            134,
            135,
          ]
        }
      >
        <TextComponent
          customStyle="title"
        >
          By Site
        </TextComponent>
        <PieChartComponent
          data={
            Array [
              Object {
                "itemType": "SITE",
                "label": "HMS",
                "measure": 30,
                "oohType": "All",
                "territory": "Ambon",
              },
            ]
          }
          showLabelValue={true}
          showLegend={true}
          showTooltip={true}
          xAxis="label"
          yAxis="measure"
        />
      </View>
      <PlaceholderView
        text="No visual data available for territory Ambon, OOH type All"
      />
    </View>
  </View>
</View>
`;
